JSCompiler_StaticMethods_assoc_BANG_:Ae
JSCompiler_StaticMethods_cljs$core$ITransientVector$_assoc_n_BANG_$arity$3:Fd
JSCompiler_StaticMethods_sval:Mc
JSCompiler_prototypeAlias:g
L 0:a
L 1:b
L 10:p
L 11:q
L 12:r
L 13:u
L 14:y
L 15:A
L 16:D
L 17:I
L 18:M
L 19:U
L 2:c
L 20:ya
L 21:Ta
L 22:Ee
L 3:d
L 4:e
L 5:f
L 6:h
L 7:k
L 8:l
L 9:m
cljs$core$ArrayChunk:Oc
cljs$core$ArrayNode:ke
cljs$core$ArrayNodeIterator:oe
cljs$core$ArrayNodeSeq:ve
cljs$core$Atom:gd
cljs$core$BitmapIndexedNode:ge
cljs$core$BitmapIndexedNode$EMPTY:je
cljs$core$Box:be
cljs$core$ChunkBuffer:Nc
cljs$core$ChunkedCons:Pc
cljs$core$ChunkedSeq:Bd
cljs$core$Cons:Hc
cljs$core$ES6EntriesIterator:Jd
cljs$core$ES6Iterator:Ib
cljs$core$ES6IteratorSeq:Kb
cljs$core$EmptyList:Gc
cljs$core$HashCollisionNode:se
cljs$core$HashMapIter:xe
cljs$core$IAssociative:Ba
cljs$core$ICollection:ra
cljs$core$ICounted:pa
cljs$core$IEncodeJS:Xe
cljs$core$IIndexed:ta
cljs$core$IIndexed$_nth$dyn_7411:ua
cljs$core$IIterable:kb
cljs$core$IKVReduce:Pa
cljs$core$IList:Xa
cljs$core$ILookup:xa
cljs$core$ILookup$_lookup$dyn_7417:Aa
cljs$core$IMap:Ea
cljs$core$IMeta:Ja
cljs$core$INext:wa
cljs$core$IPrintWithWriter:Za
cljs$core$IRecord:Ya
cljs$core$IReduce:Ma
cljs$core$IReduce$_reduce$dyn_7434:Oa
cljs$core$ISeqable:Ua
cljs$core$ISequential:Wa
cljs$core$ISwap$_swap_BANG_$dyn_7469:jb
cljs$core$ITER_SYMBOL:na
cljs$core$IVector:Ha
cljs$core$IndexedSeq:H
cljs$core$IndexedSeqIterator:Zb
cljs$core$KeySeq:Be
cljs$core$Keyword:F
cljs$core$LazySeq:Lc
cljs$core$List:dc
cljs$core$List$EMPTY:Hb
cljs$core$MapEntry:Md
cljs$core$MetaFn:hc
cljs$core$NeverEquiv:Gd
cljs$core$NodeIterator:fe
cljs$core$NodeSeq:te
cljs$core$PROTOCOL_SENTINEL:t
cljs$core$PersistentArrayMap:W
cljs$core$PersistentArrayMap$EMPTY:dd
cljs$core$PersistentArrayMap$HASHMAP_THRESHOLD:Td
cljs$core$PersistentArrayMap$createAsIfByAssoc:gc
cljs$core$PersistentArrayMap$createAsIfByAssocComplexPath:Yd
cljs$core$PersistentArrayMapIterator:Pd
cljs$core$PersistentArrayMapSeq:Od
cljs$core$PersistentHashMap:ye
cljs$core$PersistentHashMap$EMPTY:Ud
cljs$core$PersistentHashMap$fromArrays:X
cljs$core$PersistentVector:T
cljs$core$PersistentVector$EMPTY:cc
cljs$core$PersistentVector$EMPTY_NODE:V
cljs$core$RangedIterator:td
cljs$core$Reduced:Pb
cljs$core$StringBufferWriter:mb
cljs$core$Symbol:yb
cljs$core$TransientArrayMap:Sd
cljs$core$TransientHashMap:ze
cljs$core$TransientVector:wd
cljs$core$ValSeq:Ce
cljs$core$VectorNode:ld
cljs$core$_EQ_:N
cljs$core$_STAR_print_fn_STAR_:fa
cljs$core$_STAR_print_level_STAR_:ja
cljs$core$_STAR_print_newline_STAR_:ha
cljs$core$_STAR_print_readably_STAR_:ia
cljs$core$__destructure_map:cd
cljs$core$_as_transient:ab
cljs$core$_assoc:Da
cljs$core$_assoc_BANG_:db
cljs$core$_chunked_first:fb
cljs$core$_chunked_rest:gb
cljs$core$_clj__GT_js:Ye
cljs$core$_conj:sa
cljs$core$_conj_BANG_:bb
cljs$core$_contains_key_QMARK_:Ca
cljs$core$_count:qa
cljs$core$_deref:Ia
cljs$core$_drop_first:eb
cljs$core$_equiv:Ra
cljs$core$_first:C
cljs$core$_hash:Sa
cljs$core$_indexOf$cljs$0core$0IFn$0_invoke$0arity$03:O
cljs$core$_iterator:lb
cljs$core$_key:Fa
cljs$core$_kv_reduce:Qa
cljs$core$_lastIndexOf$cljs$0core$0IFn$0_invoke$0arity$03:Q
cljs$core$_lookup:za
cljs$core$_meta:Ka
cljs$core$_nth:B
cljs$core$_persistent_BANG_:cb
cljs$core$_pr_writer:$a
cljs$core$_reduce:Na
cljs$core$_reset_BANG_:hb
cljs$core$_rest:va
cljs$core$_seq:Va
cljs$core$_swap_BANG_:ib
cljs$core$_val:Ga
cljs$core$_with_meta:La
cljs$core$_write:E
cljs$core$aclone:oa
cljs$core$apply:ic
cljs$core$apply$cljs$0core$0IFn$0_invoke$0arity$02:$c
cljs$core$apply$cljs$0core$0IFn$0_invoke$0arity$03:ad
cljs$core$apply$cljs$0core$0IFn$0_invoke$0arity$05:bd
cljs$core$apply_to:Uc
cljs$core$apply_to_simple$cljs$0core$0IFn$0_invoke$0arity$03:Wc
cljs$core$apply_to_simple$cljs$0core$0IFn$0_invoke$0arity$04:Xc
cljs$core$apply_to_simple$cljs$0core$0IFn$0_invoke$0arity$05:Yc
cljs$core$apply_to_simple$cljs$0core$0IFn$0_invoke$0arity$06:Zc
cljs$core$array__GT_transient_hash_map:ae
cljs$core$array_copy:rc
cljs$core$array_for:rd
cljs$core$array_index_of:Ld
cljs$core$array_reduce$cljs$0core$0IFn$0_invoke$0arity$02:Sb
cljs$core$array_reduce$cljs$0core$0IFn$0_invoke$0arity$03:Tb
cljs$core$array_reduce$cljs$0core$0IFn$0_invoke$0arity$04:Ub
cljs$core$assoc:fc
cljs$core$bit_count:Fc
cljs$core$boolean$0:tc
cljs$core$bounded_count:Sc
cljs$core$char_escapes:Je
cljs$core$chunk_append:Rc
cljs$core$chunk_cons:Qc
cljs$core$chunked_seq:Ad
cljs$core$chunked_seq$cljs$0core$0IFn$0_invoke$0arity$04:zd
cljs$core$chunked_seq$cljs$0core$0IFn$0_invoke$0arity$05:Cd
cljs$core$chunked_seq_QMARK_:qc
cljs$core$clj__GT_js:$e
cljs$core$clone_and_set$cljs$0core$0IFn$0_invoke$0arity$03:ce
cljs$core$conj:bc
cljs$core$cons:R
cljs$core$contains_QMARK_:uc
cljs$core$count:P
cljs$core$counted_QMARK_:Vb
cljs$core$create_array_node_seq:qe
cljs$core$create_array_node_seq$cljs$0core$0IFn$0_invoke$0arity$01:pe
cljs$core$create_array_node_seq$cljs$0core$0IFn$0_invoke$0arity$03:we
cljs$core$create_inode_seq:ie
cljs$core$create_inode_seq$cljs$0core$0IFn$0_invoke$0arity$01:he
cljs$core$create_inode_seq$cljs$0core$0IFn$0_invoke$0arity$03:ue
cljs$core$create_node:me
cljs$core$create_node$cljs$0core$0IFn$0_invoke$0arity$06:ne
cljs$core$create_node$cljs$0core$0IFn$0_invoke$0arity$07:le
cljs$core$deref:Rb
cljs$core$do_assoc:sd
cljs$core$edit_and_set$cljs$0core$0IFn$0_invoke$0arity$04:de
cljs$core$empty_QMARK_:lc
cljs$core$empty_ordered_hash:Mb
cljs$core$empty_unordered_hash:Ob
cljs$core$enable_console_print_BANG_:ka
cljs$core$equiv_map:Id
cljs$core$equiv_sequential:$b
cljs$core$es6_entries_iterator:Kd
cljs$core$es6_iterator:Jb
cljs$core$es6_iterator_seq:Fb
cljs$core$every_QMARK_:fd
cljs$core$first:J
cljs$core$get:Bb
cljs$core$get$cljs$0core$0IFn$0_invoke$0arity$02:Ab
cljs$core$get$cljs$0core$0IFn$0_invoke$0arity$03:Cb
cljs$core$hash:wb
cljs$core$hash_collision_node_find_index:re
cljs$core$hash_combine:xb
cljs$core$hash_ordered_coll:Lb
cljs$core$hash_string:vb
cljs$core$hash_unordered_coll:Nb
cljs$core$identity:Cc
cljs$core$imul:ob
cljs$core$indexed_QMARK_:Wb
cljs$core$inode_kv_reduce:ee
cljs$core$into:kd
cljs$core$iter_reduce$cljs$0core$0IFn$0_invoke$0arity$02:zc
cljs$core$iter_reduce$cljs$0core$0IFn$0_invoke$0arity$03:Ac
cljs$core$iterable_QMARK_:Eb
cljs$core$key:Zd
cljs$core$key__GT_js$cljs$0core$0IFn$0_invoke$0arity$02:Ze
cljs$core$key_test:Vd
cljs$core$keys:Qd
cljs$core$keyword:Jc
cljs$core$lift_ns:Ue
cljs$core$linear_traversal_nth$cljs$0core$0IFn$0_invoke$0arity$03:ec
cljs$core$lookup_sentinel:sc
cljs$core$m3_fmix:rb
cljs$core$m3_hash_unencoded_chars:sb
cljs$core$m3_mix_H1:qb
cljs$core$m3_mix_K1:pb
cljs$core$map:jd
cljs$core$map_QMARK_:nc
cljs$core$map_entry_QMARK_:Nd
cljs$core$meta:kc
cljs$core$missing_protocol:x
cljs$core$name:Kc
cljs$core$namespace:Ic
cljs$core$native_satisfies_QMARK_:w
cljs$core$never_equiv:Hd
cljs$core$new_path:od
cljs$core$next:K
cljs$core$next_STAR_:Vc
cljs$core$not:la
cljs$core$nth:Yb
cljs$core$nth$cljs$0core$0IFn$0_invoke$0arity$02:Xb
cljs$core$nth$cljs$0core$0IFn$0_invoke$0arity$03:S
cljs$core$pam_grow_seed_array:Xd
cljs$core$pam_new_size:Wd
cljs$core$pr_sequential_writer:De
cljs$core$pr_str_STAR_:nb
cljs$core$pr_str_with_opts:Se
cljs$core$pr_writer:Y
cljs$core$pr_writer_impl:Ne
cljs$core$prim_seq$cljs$0core$0IFn$0_invoke$0arity$02:ac
cljs$core$print_map:Oe
cljs$core$print_meta_QMARK_:Le
cljs$core$print_prefix_map:Ve
cljs$core$push_tail:pd
cljs$core$pv_fresh_node:md
cljs$core$pv_reduce$cljs$0core$0IFn$0_invoke$0arity$04:ud
cljs$core$pv_reduce$cljs$0core$0IFn$0_invoke$0arity$05:vd
cljs$core$quot:Ec
cljs$core$quote_string:Ke
cljs$core$record_QMARK_:oc
cljs$core$reduce:xc
cljs$core$reduce$cljs$0core$0IFn$0_invoke$0arity$03:wc
cljs$core$reduce_kv:Bc
cljs$core$reduced_QMARK_:Qb
cljs$core$reset_BANG_:hd
cljs$core$rest:Gb
cljs$core$seq:G
cljs$core$seq_reduce$cljs$0core$0IFn$0_invoke$0arity$02:vc
cljs$core$seq_reduce$cljs$0core$0IFn$0_invoke$0arity$03:yc
cljs$core$sequential_QMARK_:mc
cljs$core$spread:Tc
cljs$core$str:zb
cljs$core$str_:z
cljs$core$string_hash_cache:tb
cljs$core$string_hash_cache_count:ub
cljs$core$string_print:Ie
cljs$core$strip_ns:Te
cljs$core$swap_BANG_:id
cljs$core$symbol:Db
cljs$core$t_cljs$0core6244:ed
cljs$core$tail_off:nd
cljs$core$transduce$cljs$0core$0IFn$0_invoke$0arity$04:Dc
cljs$core$truth_:v
cljs$core$tv_editable_root:xd
cljs$core$tv_editable_tail:yd
cljs$core$tv_ensure_editable:Dd
cljs$core$tv_push_tail:Ed
cljs$core$type__GT_str:ma
cljs$core$unchecked_array_for:qd
cljs$core$val:$d
cljs$core$vals:Rd
cljs$core$vector_QMARK_:pc
cljs$core$with_meta:jc
cljs$core$write_all$cljs$0core$0IFn$0_invoke$0arity$0variadic:He
cljs$cst$1$readably:Pe
cljs$cst$10$fallback_impl:Re
cljs$cst$100$merge_logs:qf
cljs$cst$101$kill_timeout:lg
cljs$cst$102$max_restarts:pg
cljs$cst$103$out_file:Nf
cljs$cst$104$AGENT_NAME:uf
cljs$cst$105$NODE_OPTIONS:Wg
cljs$cst$106$merge_logs:zg
cljs$cst$107$min_uptime:Bg
cljs$cst$108$OPENPLANNER_PORT:eh
cljs$cst$109$OPENPLANNER_DATA_DIR:Lf
cljs$cst$11$val:We
cljs$cst$110$CHROMA_URL:Gg
cljs$cst$111$CHROMA_COLLECTION:$f
cljs$cst$112$ALLOWED_HOSTS:ug
cljs$cst$113$OAUTH_OPAQUE_INTROSPECTION_URL:dg
cljs$cst$114$MCP_INTERNAL_SHARED_SECRET:gh
cljs$cst$115$MCP_FS_OAUTH_DEV_URL:df
cljs$cst$116$OAUTH_TOKEN_STRATEGY:Mf
cljs$cst$117$OAUTH_ENABLED:Rg
cljs$cst$118$OAUTH_OPAQUE_VERIFIER:fh
cljs$cst$119$API_GATEWAY_PORT:og
cljs$cst$120$OAUTH_ISSUER:Uf
cljs$cst$121$OPENCODE_URL:jf
cljs$cst$122$OAUTH_REDIS_URL:Cf
cljs$cst$123$MCP_FS_OAUTH_URL:pf
cljs$cst$124$OAUTH_REDIS_PREFIX:bf
cljs$cst$125$MCP_SERVICE_URLS:yg
cljs$cst$126$API_GATEWAY_HOST:Ng
cljs$cst$127$OAUTH_OPAQUE_SHARED_SECRET:Df
cljs$cst$128$AUTO_APPROVE:kf
cljs$cst$129$OWNER_PASSWORD:ng
cljs$cst$130$AUTH_LOGIN_PROVIDER:Og
cljs$cst$131$OPENCODE_API_BASE_URL:ag
cljs$cst$132$GITHUB_REPO_NAME:jg
cljs$cst$133$OAUTH_PERSISTENCE_PATH:Rf
cljs$cst$134$PUBLIC_BASE_URL:Cg
cljs$cst$135$ALLOW_UNAUTH_LOCAL:ef
cljs$cst$136$STORAGE_MODE:Vf
cljs$cst$137$OAUTH_DUCKDB_LOCK_TTL_SECONDS:lf
cljs$cst$138$REDIS_URL:Gf
cljs$cst$139$LOCAL_ROOT:Ag
cljs$cst$140$OAUTH_DUCKDB_OWNER:Dg
cljs$cst$141$GITHUB_REPO_OWNER:gf
cljs$cst$142$WORKSPACE_API_BASE_URL:ah
cljs$cst$143$GITHUB_REPO_BRANCH:ih
cljs$cst$144$OPENPLANNER_API_BASE_URL:nf
cljs$cst$145$MCP_TRANSPORT:bg
cljs$cst$146$LEGACY_MCP_URL:hf
cljs$cst$147$UPSTREAM_MESSAGES_MODEL_PREFIXES:tf
cljs$cst$148$PROXY_PORT:fg
cljs$cst$149$UPSTREAM_MESSAGES_PATH:rf
cljs$cst$150$VIVGRID_KEY_RELOAD_MS:bh
cljs$cst$151$PROXY_HOST:Sg
cljs$cst$152$UPSTREAM_CHAT_COMPLETIONS_PATH:Pg
cljs$cst$153$UPSTREAM_BASE_URL:Jg
cljs$cst$154$VIVGRID_KEY_COOLDOWN_MS:ff
cljs$cst$155$VIVGRID_KEYS_FILE:ch
cljs$cst$156$VIVGRID_MODELS_FILE:Af
cljs$cst$157$UPSTREAM_RESPONSES_PATH:$g
cljs$cst$158$UPSTREAM_RESPONSES_MODEL_PREFIXES:vg
cljs$cst$159$UPSTREAM_REQUEST_TIMEOUT_MS:dh
cljs$cst$160$PROXY_KEY_RELOAD_MS:mg
cljs$cst$161$OPENAI_BASE_URL:Qg
cljs$cst$162$UPSTREAM_MESSAGES_INTERLEAVED_THINKING_BETA:Wf
cljs$cst$163$PROXY_KEY_COOLDOWN_MS:Xg
cljs$cst$164$PROXY_AUTH_TOKEN:kg
cljs$cst$165$OPENAI_RESPONSES_PATH:Lg
cljs$cst$166$UPSTREAM_FALLBACK_PROVIDER_IDS:xf
cljs$cst$167$OPENAI_PROVIDER_ID:Tf
cljs$cst$168$OLLAMA_MODEL_PREFIXES:Yf
cljs$cst$169$OPENAI_CHAT_COMPLETIONS_PATH:vf
cljs$cst$170$UPSTREAM_PROVIDER_BASE_URLS:tg
cljs$cst$171$OPENAI_MODEL_PREFIXES:Vg
cljs$cst$172$UPSTREAM_PROVIDER_ID:Sf
cljs$cst$173$PROXY_KEYS_FILE:Kf
cljs$cst$174$PROXY_MODELS_FILE:Pf
cljs$cst$175$OLLAMA_BASE_URL:qg
cljs$cst$176$OLLAMA_CHAT_PATH:Tg
cljs$cst$2$meta:Me
cljs$cst$20$keyword_fn:af
cljs$cst$4$print_length:Fe
cljs$cst$62$name:gg
cljs$cst$64$apps:rg
cljs$cst$65$profile:Ff
cljs$cst$66$args:wf
cljs$cst$67$interpreter:Eg
cljs$cst$68$log_file:Ug
cljs$cst$69$script:Z
cljs$cst$70$max_restarts:Yg
cljs$cst$71$time:Bf
cljs$cst$72$kill_timeout:cf
cljs$cst$73$cwd:wg
cljs$cst$74$env:Of
cljs$cst$75$autorestart:xg
cljs$cst$76$restart_delay:Qf
cljs$cst$77$instances:Hf
cljs$cst$78$watch:Jf
cljs$cst$79$min_uptime:Xf
cljs$cst$8$more_marker:Ge
cljs$cst$80$out_file:mf
cljs$cst$81$error_file:yf
cljs$cst$82$NODE_ENV:hh
cljs$cst$83$OPENPLANNER_URL:ig
cljs$cst$84$OPENPLANNER_API_KEY:Zg
cljs$cst$85$cron_restart:Ef
cljs$cst$86$OPENCODE_BASE_URL:Zf
cljs$cst$87$OPENCODE_CHUNK_INDEXING:sg
cljs$cst$88$OPENCODE_INDEXER_MODE:Ig
cljs$cst$89$OPENCODE_CHUNK_TARGET_TOKENS:Hg
cljs$cst$9$alt_impl:Qe
cljs$cst$90$OPENCODE_THROTTLE_MS:Fg
cljs$cst$91$LEVEL_DIR:sf
cljs$cst$92$OPENCODE_CHUNK_OVERLAP_MESSAGES:Kg
cljs$cst$93$BATCH_SIZE:Mg
cljs$cst$94$exec_mode:zf
cljs$cst$95$PORT:hg
cljs$cst$96$NREPL_PORT:of
cljs$cst$97$VITE_BACKEND_ORIGIN:cg
cljs$cst$98$error_file:If
cljs$cst$99$log_date_format:eg
clobber$macro$app_registry:jh
clobber$macro$defapp:lh
clobber$macro$ecosystem:mh
clobber$macro$ecosystem$cljs$0core$0IFn$0_invoke$0arity$0variadic:nh
clobber$macro$ecosystem_output:oh
clobber$macro$profile_registry:kh
goog$UID_PROPERTY_:ba
goog$getUid:aa
goog$string$StringBuffer:ea
goog$typeOf:n
goog$uidCounter_:ca
index$_main:ph
module$contents$goog$object_getKeys:da
